// Jest Snapshot v1, https://goo.gl/fbAQLP

exports[`<RemoveSequence /> renders correctly 1`] = `
<RemoveModal
  message={
    <span>
      Are you sure you want to remove the sequence
      <strong>
         
        test-sequence
      </strong>
       from
      <strong>
         
        test-isolate
      </strong>
      ?
    </span>
  }
  name="test-sequence"
  noun="Sequence"
  onConfirm={[Function]}
  onHide={[Function]}
  show={true}
/>
`;
