// Jest Snapshot v1, https://goo.gl/fbAQLP

exports[`<Remove /> renders correctly 1`] = `
<RemoveModal
  name="test"
  noun="OTU"
  onConfirm={[Function]}
  onHide={[MockFunction]}
  show={true}
/>
`;
