# serializer version: 1
# name: test_not_found
  dict({
    'id': 'not_found',
    'message': 'Not found',
  })
# ---
