# serializer version: 1
# name: test_upgrade[analyses]
  list([
    dict({
      '_id': 'foo',
      'subtractions': list([
        'prunus',
      ]),
    }),
    dict({
      '_id': 'bar',
      'subtractions': list([
        'malus',
      ]),
    }),
    dict({
      '_id': 'baz',
      'subtractions': list([
      ]),
    }),
  ])
# ---
# name: test_upgrade[samples]
  list([
    dict({
      '_id': 'foo',
      'subtractions': list([
        'prunus',
      ]),
    }),
    dict({
      '_id': 'bar',
      'subtractions': list([
        'malus',
      ]),
    }),
    dict({
      '_id': 'baz',
      'subtractions': list([
      ]),
    }),
  ])
# ---
