# name: test_upgrade[uvloop]
  <class 'list'> [
    <class 'dict'> {
      '_id': 'foo',
      'key': 'a97439e170adc4365c5b92bd2c148ed57d75e566',
      'sample': <class 'dict'> {
        'id': 'abc',
      },
    },
    <class 'dict'> {
      '_id': 'bar',
      'key': 'd7fh3ee170adc4365c5b92bd2c1f3fd5745te566',
      'sample': <class 'dict'> {
        'id': 'dfg',
      },
    },
  ]
---
