// Jest Snapshot v1, https://goo.gl/fbAQLP

exports[`<References /> renders <LoadingPlaceholder /> when no settings data available 1`] = `<LoadingPlaceholder />`;

exports[`<References /> renders <ReferenceSettings /> correctly 1`] = `
<div
  className="settings-container"
>
  <h3
    className="view-header"
  >
    <strong>
      Settings
    </strong>
  </h3>
  <Connect(SourceTypes) />
</div>
`;

exports[`<References /> renders correctly with settings data 1`] = `
<div
  className="container"
>
  <Switch>
    <Route
      component={[Function]}
      exact={true}
      path="/refs"
    />
    <Redirect
      from="/refs/settings/*"
      push={false}
      to="/refs/settings"
    />
    <Route
      component={[Function]}
      path="/refs/settings"
    />
    <Route
      component={[Function]}
      path="/refs/:refId/otus/:otuId"
    />
    <Route
      component={[Function]}
      path="/refs/:refId/indexes/:indexId"
    />
    <Route
      component={[Function]}
      path="/refs/:refId"
    />
  </Switch>
</div>
`;
