// Jest Snapshot v1, https://goo.gl/fbAQLP

exports[`<IDRow /> renders connected component 1`] = `
<IDRowComponent
  dispatch={[Function]}
  showIds={true}
  store={
    Object {
      "clearActions": [Function],
      "dispatch": [Function],
      "getActions": [Function],
      "getState": [Function],
      "replaceReducer": [Function],
      "subscribe": [Function],
    }
  }
  storeSubscription={
    Subscription {
      "listeners": Object {
        "clear": [Function],
        "get": [Function],
        "notify": [Function],
        "subscribe": [Function],
      },
      "onStateChange": [Function],
      "parentSub": undefined,
      "store": Object {
        "clearActions": [Function],
        "dispatch": [Function],
        "getActions": [Function],
        "getState": [Function],
        "replaceReducer": [Function],
        "subscribe": [Function],
      },
      "unsubscribe": [Function],
    }
  }
/>
`;

exports[`<IDRow /> when [account.settings.show_ids=false], renders nothing (null) 1`] = `""`;

exports[`<IDRow /> when [account.settings.show_ids=true]:  renders correctly 1`] = `
<table>
  <tbody>
    <IDRowComponent
      id="test_id"
      showIds={true}
    >
      <tr>
        <th>
          Unique ID
        </th>
        <td>
          test_id
        </td>
      </tr>
    </IDRowComponent>
  </tbody>
</table>
`;
