// Jest Snapshot v1, https://goo.gl/fbAQLP

exports[`<Indexes /> should render 1`] = `
<Fragment>
  <Connect(RebuildAlert) />
  <Connect(RebuildIndex) />
  <ScrollList
    documents={
      Array [
        Object {
          "id": "foo",
        },
        Object {
          "id": "bar",
        },
      ]
    }
    onLoadNextPage={[Function]}
    renderRow={[Function]}
  />
</Fragment>
`;

exports[`<Indexes /> should render with [documents=null] 1`] = `<LoadingPlaceholder />`;

exports[`<Indexes /> should render with empty documents array 1`] = `
<Fragment>
  <Connect(RebuildAlert) />
  <Connect(RebuildIndex) />
  <NoneFoundBox
    noun="indexes"
  />
  <ScrollList
    documents={Array []}
    onLoadNextPage={[Function]}
    renderRow={[Function]}
  />
</Fragment>
`;
