// Jest Snapshot v1, https://goo.gl/fbAQLP

exports[`<SampleFileManager /> should render 1`] = `
<Container__NarrowContainer>
  <Connect(FileManager)
    fileType="reads"
  />
</Container__NarrowContainer>
`;

exports[`<Samples /> should render 1`] = `
<Container>
  <Switch>
    <Route
      component={
        Object {
          "$$typeof": Symbol(react.memo),
          "WrappedComponent": [Function],
          "compare": null,
          "displayName": "Connect(SamplesSettings)",
          "type": [Function],
        }
      }
      path="/samples/settings"
    />
    <Route
      component={[Function]}
      path="/samples/files"
    />
    <Route
      component={
        Object {
          "$$typeof": Symbol(react.memo),
          "WrappedComponent": [Function],
          "compare": null,
          "displayName": "Connect(Labels)",
          "type": [Function],
        }
      }
      path="/samples/labels"
    />
    <Route
      component={
        Object {
          "$$typeof": Symbol(react.memo),
          "WrappedComponent": [Function],
          "compare": null,
          "displayName": "Connect(CreateSample)",
          "type": [Function],
        }
      }
      path="/samples/create"
    />
    <Route
      component={
        Object {
          "$$typeof": Symbol(react.memo),
          "WrappedComponent": [Function],
          "compare": null,
          "displayName": "Connect(SampleDetail)",
          "type": [Function],
        }
      }
      path="/samples/:sampleId"
    />
    <Route
      component={
        Object {
          "$$typeof": Symbol(react.memo),
          "WrappedComponent": [Function],
          "compare": null,
          "displayName": "Connect(SamplesList)",
          "type": [Function],
        }
      }
      path="/samples"
    />
  </Switch>
</Container>
`;
