// Jest Snapshot v1, https://goo.gl/fbAQLP

exports[`<UniqueNames /> renders correctly 1`] = `
<AdministrationSection
  content={
    <PanelBody
      bsClass="panel"
      collapsible={false}
    >
      <Button
        block={true}
        bsStyle="default"
        onClick={[Function]}
        pullRight={false}
        tipPlacement="top"
      >
        <Checkbox
          checked={true}
          partial={false}
          pullRight={false}
        />
         Enable
      </Button>
    </PanelBody>
  }
  description="Enable this feature to ensure that every created sample has a unique name. If a user
    attempts to assign an existing name to a new sample an error will be displayed."
  title="Unique Sample Names"
/>
`;
