// Jest Snapshot v1, https://goo.gl/fbAQLP

exports[`<OTUForm /> renders correctly 1`] = `
<form
  onSubmit={[MockFunction]}
>
  <ModalBody
    bsClass="modal-body"
    componentClass="div"
  >
    <Row
      bsClass="row"
      componentClass="div"
    >
      <Col
        bsClass="col"
        componentClass="div"
        md={8}
      >
        <InputError
          error=""
          label="Name"
          name="name"
          onChange={[MockFunction]}
          value="test"
        />
      </Col>
      <Col
        bsClass="col"
        componentClass="div"
        md={4}
      >
        <InputError
          error=""
          label="Abbreviation"
          name="abbreviation"
          onChange={[MockFunction]}
          value="T"
        />
      </Col>
    </Row>
  </ModalBody>
  <ModalFooter
    bsClass="modal-footer"
    componentClass="div"
  >
    <SaveButton
      pullRight={true}
    />
  </ModalFooter>
</form>
`;
