// Jest Snapshot v1, https://goo.gl/fbAQLP

exports[`<PathoscopeItem /> renders correctly 1`] = `
<div
  className="list-group-item spaced hoverable"
  onClick={[Function]}
>
  <Row
    bsClass="row"
    componentClass="div"
  >
    <Col
      bsClass="col"
      componentClass="div"
      md={5}
      sm={5}
      xs={12}
    >
      <Flex
        alignContent="stretch"
        alignItems="stretch"
        direction="row"
        justifyContent="flex-start"
        wrap="nowrap"
      >
        <FlexItem
          alignSelf={null}
          basis="auto"
          grow={0}
          shrink={1}
        >
          test
        </FlexItem>
        <FlexItem
          alignSelf={null}
          basis="auto"
          grow={0}
          pad={5}
          shrink={1}
        >
          <small
            className="text-primary"
          >
            <strong
              className="text-warning"
            >
              T
            </strong>
          </small>
        </FlexItem>
      </Flex>
    </Col>
    <Col
      bsClass="col"
      componentClass="div"
      md={2}
      sm={2}
      xs={4}
    >
      <AnalysisValueLabel
        bsStyle="success"
        label="Weight"
        value="30.000"
      />
    </Col>
    <Col
      bsClass="col"
      componentClass="div"
      md={2}
      sm={2}
      xs={3}
    >
      <AnalysisValueLabel
        bsStyle="danger"
        label="Depth"
        value="1.0"
      />
    </Col>
    <Col
      bsClass="col"
      componentClass="div"
      md={2}
      sm={2}
      xs={3}
    >
      <AnalysisValueLabel
        bsStyle="primary"
        label="Coverage"
        value="0.001"
      />
    </Col>
    <Col
      bsClass="col"
      componentClass="div"
      md={1}
      sm={1}
      xs={2}
    />
  </Row>
</div>
`;
