// Jest Snapshot v1, https://goo.gl/fbAQLP

exports[`<AnalysisHMMAlert /> should render 1`] = `""`;

exports[`<AnalysisHMMAlert /> should render when [installed = false] 1`] = `
<Alert__WarningAlert
  level={true}
>
  <Icon
    faStyle="fas"
    fixedWidth={false}
    name="info-circle"
    pullRight={false}
  />
  <span>
    <span>
      HMM data is not installed. 
    </span>
    <Link
      to="/hmm"
    >
      Install HMMs
    </Link>
    <span>
       to run NuV analyses.
    </span>
  </span>
</Alert__WarningAlert>
`;
